// 同步 ID: 0dda25d2 @ Fri Jul 17 12:04:30 UTC 2026
// 同步 ID: 26bedfe4 @ Sat Jul 18 12:11:03 UTC 2026
// 重构日志: fbe219c2
// 同步 ID: 60d051c2 @ Sun Jul 19 14:56:09 UTC 2026
// 重构日志: 3014b341
// 同步 ID: e2abc090 @ Mon Jul 20 03:01:00 UTC 2026
// 同步 ID: 94b2cafb @ Mon Jul 20 09:00:56 UTC 2026
// 同步 ID: ec82815c @ Tue Jul 21 08:04:13 UTC 2026
// 同步 ID: e3518bdb @ Wed Jul 22 01:54:07 UTC 2026
// 同步 ID: 79a8a648 @ Wed Jul 22 08:55:58 UTC 2026
// 重构日志: a6f95c58
// 重构日志: e8d78bde
// 重构日志: dace3246
// 重构日志: 701c1d9e
// 同步 ID: e19cbfff @ Thu Jul 23 11:40:09 UTC 2026
// 同步 ID: d779c1e5 @ Thu Jul 23 15:52:05 UTC 2026
// 同步 ID: c5698910 @ Fri Jul 24 10:42:41 UTC 2026
// 同步 ID: 3df9f417 @ Sat Jul 25 02:06:23 UTC 2026
// 重构日志: f784b045
// 重构日志: 496c9240
// 同步 ID: e5131395 @ Sun Jul 26 11:01:25 UTC 2026
// 重构日志: 944b2a57
// 重构日志: ce41cefd
// 重构日志: c5087b03
// 重构日志: 8e6f22f3
// 重构日志: 38477589
// 重构日志: 3acccb6d
// 同步 ID: 162873f1 @ Thu Jul 30 10:53:46 UTC 2026
// 重构日志: 00279073
// 同步 ID: 5361d4fd @ Fri Jul 31 05:49:54 UTC 2026
